[Licensing::Module] Trying to connect to existing licensing client channel...
[Licensing::IpcConnector] Connection attempt to the License Client on channel: "LicenseClient-dell" failed because channel doesn't exist; code: "0x80000002"
[Licensing::Module] Successfully launched the LicensingClient (PId: 7220)
[Licensing::IpcConnector] Successfully connected to the License Client on channel: "LicenseClient-dell" at "2026-05-12T06:45:31.4643749Z"
[Licensing::Client] Handshaking with LicensingClient:
  Version:                 1.15.0+66d4389
  Session Id:              7ce89425b73645b4b8b45d69834bed90
  Correlation Id:          da6146b4baea3101e1c9f7a985008737
  External correlation Id: 4725580390552638311
  Machine Id:              PUgqG6cu3dewNoVOHBVhuxEJr1o=
[Licensing::Module] Successfully connected to LicensingClient on channel: "LicenseClient-dell" (connect: 2.76s, validation: 0.05s, handshake: 4.48s)
[Licensing::IpcConnector] Successfully connected to the License Notification on channel: "LicenseClient-dell-notifications" at "2026-05-12T06:45:35.9980977Z"
[Licensing::Module] Connected to LicensingClient (PId: 7220, launch time: 0.03, total connection time: 7.29s)
[Licensing::Module] Error: Access token is unavailable; failed to update
[Licensing::Client] Error: Code 500 while processing request (status: Unable to update licenses. Errors: No ULF license found.,Token not found in cache)
[Licensing::Client] Error: Code 500 while updating license in client (status: Unable to update licenses. Errors: No ULF license found.,Token not found in cache)
Built from '2022.3/release' branch; Version is '2022.3.20f1 (61c2feb0970d) revision 6406910'; Using compiler version '192829333'; Build Type 'Release'
OS: 'Windows 11  (10.0.26200) 64bit CoreSingleLanguage' Language: 'en' Physical Memory: 7952 MB
[Licensing::Client] Successfully resolved entitlements
[Licensing::Module] Serial number assigned to: "13469919114314-UnityPersXXXX"
BatchMode: 1, IsHumanControllingUs: 0, StartBugReporterOnCrash: 0, Is64bit: 1, IsPro: 0

COMMAND LINE ARGUMENTS:
C:\Program Files\Unity\Hub\Editor\2022.3.20f1\Editor\Unity.exe
-quit
-batchmode
-projectPath
d:\Arrow Game
-logFile
d:\Arrow Game\unity_build.log
Successfully changed project path to: d:\Arrow Game
D:/Arrow Game
[UnityMemory] Configuration Parameters - Can be set up in boot.config
    "memorysetup-bucket-allocator-granularity=16"
    "memorysetup-bucket-allocator-bucket-count=8"
    "memorysetup-bucket-allocator-block-size=33554432"
    "memorysetup-bucket-allocator-block-count=8"
    "memorysetup-main-allocator-block-size=16777216"
    "memorysetup-thread-allocator-block-size=16777216"
    "memorysetup-gfx-main-allocator-block-size=16777216"
    "memorysetup-gfx-thread-allocator-block-size=16777216"
    "memorysetup-cache-allocator-block-size=4194304"
    "memorysetup-typetree-allocator-block-size=2097152"
    "memorysetup-profiler-bucket-allocator-granularity=16"
    "memorysetup-profiler-bucket-allocator-bucket-count=8"
    "memorysetup-profiler-bucket-allocator-block-size=33554432"
    "memorysetup-profiler-bucket-allocator-block-count=8"
    "memorysetup-profiler-allocator-block-size=16777216"
    "memorysetup-profiler-editor-allocator-block-size=1048576"
    "memorysetup-temp-allocator-size-main=16777216"
    "memorysetup-job-temp-allocator-block-size=2097152"
    "memorysetup-job-temp-allocator-block-size-background=1048576"
    "memorysetup-job-temp-allocator-reduction-small-platforms=262144"
    "memorysetup-allocator-temp-initial-block-size-main=262144"
    "memorysetup-allocator-temp-initial-block-size-worker=262144"
    "memorysetup-temp-allocator-size-background-worker=32768"
    "memorysetup-temp-allocator-size-job-worker=262144"
    "memorysetup-temp-allocator-size-preload-manager=33554432"
    "memorysetup-temp-allocator-size-nav-mesh-worker=65536"
    "memorysetup-temp-allocator-size-audio-worker=65536"
    "memorysetup-temp-allocator-size-cloud-worker=32768"
    "memorysetup-temp-allocator-size-gi-baking-worker=262144"
    "memorysetup-temp-allocator-size-gfx=262144"
Player connection [18856] Host "[IP] 10.45.251.43 [Port] 55504 [Flags] 2 [Guid] 2841826573 [EditorId] 2841826573 [Version] 1048832 [Id] WindowsEditor(7,ni30) [Debug] 1 [PackageName] WindowsEditor [ProjectName] Editor" joined multi-casting on [225.0.0.222:54997]...

Player connection [18856] Host "[IP] 10.45.251.43 [Port] 55504 [Flags] 2 [Guid] 2841826573 [EditorId] 2841826573 [Version] 1048832 [Id] WindowsEditor(7,ni30) [Debug] 1 [PackageName] WindowsEditor [ProjectName] Editor" joined alternative multi-casting on [225.0.0.222:34997]...

[Physics::Module] Initialized MultithreadedJobDispatcher with 7 workers.
[Package Manager] UpmClient::Connect -- Connected to IPC stream "Upm-6224" after 1.0 seconds.
[Licensing::Client] Successfully resolved entitlements
[Package Manager] Restoring resolved packages state from cache
[Licensing::Client] Successfully resolved entitlement details
[Package Manager] Registered 7 packages:
  Packages from [https://packages.unity.com]:
    com.unity.textmeshpro@3.0.6 (location: D:\Arrow Game\Library\PackageCache\com.unity.textmeshpro@3.0.6)
  Built-in packages:
    com.unity.ugui@1.0.0 (location: D:\Arrow Game\Library\PackageCache\com.unity.ugui@1.0.0)
    com.unity.modules.physics2d@1.0.0 (location: D:\Arrow Game\Library\PackageCache\com.unity.modules.physics2d@1.0.0)
    com.unity.modules.tilemap@1.0.0 (location: D:\Arrow Game\Library\PackageCache\com.unity.modules.tilemap@1.0.0)
    com.unity.modules.particlesystem@1.0.0 (location: D:\Arrow Game\Library\PackageCache\com.unity.modules.particlesystem@1.0.0)
    com.unity.modules.ui@1.0.0 (location: D:\Arrow Game\Library\PackageCache\com.unity.modules.ui@1.0.0)
    com.unity.modules.imgui@1.0.0 (location: D:\Arrow Game\Library\PackageCache\com.unity.modules.imgui@1.0.0)
[Subsystems] No new subsystems found in resolved package list.
Package Manager log level set to [2]
[Package Manager] Done registering packages in 1.07 seconds
Refreshing native plugins compatible for Editor in 0.00 ms, found 0 plugins.
Preloading 0 native plugins for Editor in 0.00 ms.
Initialize engine version: 2022.3.20f1 (61c2feb0970d)
[Subsystems] Discovering subsystems at path C:/Program Files/Unity/Hub/Editor/2022.3.20f1/Editor/Data/Resources/UnitySubsystems
[Subsystems] Discovering subsystems at path D:/Arrow Game/Assets
GfxDevice: creating device client; threaded=0; jobified=0
Direct3D:
    Version:  Direct3D 11.0 [level 11.1]
    Renderer: Intel(R) UHD Graphics (ID=0x9b41)
    Vendor:   Intel
    VRAM:     3976 MB
    Driver:   31.0.101.2130
[Licensing::Client] Successfully resolved entitlements
Initialize mono
Mono path[0] = 'C:/Program Files/Unity/Hub/Editor/2022.3.20f1/Editor/Data/Managed'
Mono path[1] = 'C:/Program Files/Unity/Hub/Editor/2022.3.20f1/Editor/Data/MonoBleedingEdge/lib/mono/unityjit-win32'
Mono config path = 'C:/Program Files/Unity/Hub/Editor/2022.3.20f1/Editor/Data/MonoBleedingEdge/etc'
Using monoOptions --debugger-agent=transport=dt_socket,embedding=1,server=y,suspend=n,address=127.0.0.1:56224
Using cacheserver namespaces - metadata:defaultmetadata, artifacts:defaultartifacts
Using cacheserver namespaces - metadata:defaultmetadata, artifacts:defaultartifacts
ImportWorker Server TCP listen port: 0
Begin MonoManager ReloadAssembly
Registering precompiled unity dll's ...
Register platform support module: C:/Program Files/Unity/Hub/Editor/2022.3.20f1/Editor/Data/PlaybackEngines/WindowsStandaloneSupport/UnityEditor.WindowsStandalone.Extensions.dll
Registered in 0.335123 seconds.
- Loaded All Assemblies, in 13.972 seconds
Native extension for WindowsStandalone target not found
Mono: successfully reloaded assembly
- Finished resetting the current domain, in  0.369 seconds
Domain Reload Profiling: 14340ms
	BeginReloadAssembly (9919ms)
		ExecutionOrderSort (0ms)
		DisableScriptedObjects (0ms)
		BackupInstance (0ms)
		ReleaseScriptingObjects (0ms)
		CreateAndSetChildDomain (2ms)
	RebuildCommonClasses (893ms)
	RebuildNativeTypeToScriptingClass (13ms)
	initialDomainReloadingComplete (421ms)
	LoadAllAssembliesAndSetupDomain (2724ms)
		LoadAssemblies (9916ms)
		RebuildTransferFunctionScriptingTraits (0ms)
		AnalyzeDomain (2721ms)
			TypeCache.Refresh (2718ms)
				TypeCache.ScanAssembly (1843ms)
			ScanForSourceGeneratedMonoScriptInfo (0ms)
			ResolveRequiredComponents (1ms)
	FinalizeReload (370ms)
		ReleaseScriptCaches (0ms)
		RebuildScriptCaches (0ms)
		SetupLoadedEditorAssemblies (291ms)
			LogAssemblyErrors (0ms)
			InitializePlatformSupportModulesInManaged (11ms)
			SetLoadedEditorAssemblies (10ms)
			RefreshPlugins (0ms)
			BeforeProcessingInitializeOnLoad (3ms)
			ProcessInitializeOnLoadAttributes (198ms)
			ProcessInitializeOnLoadMethodAttributes (69ms)
			AfterProcessingInitializeOnLoad (0ms)
			EditorAssembliesLoaded (0ms)
		ExecutionOrderSort2 (0ms)
		AwakeInstancesAfterBackupRestoration (0ms)
[Licensing::Client] Successfully resolved entitlements
Application.AssetDatabase Initial Refresh Start
info: Microsoft.Hosting.Lifetime[14]
      Now listening on: http://localhost:80
info: Microsoft.Hosting.Lifetime[0]
      Application started. Press Ctrl+C to shut down.
info: Microsoft.Hosting.Lifetime[0]
      Hosting environment: Production
info: Microsoft.Hosting.Lifetime[0]
      Content root path: D:\Arrow Game\
info: Microsoft.AspNetCore.Hosting.Diagnostics[1]
      Request starting HTTP/2 POST http://ilpp/UnityILPP.PostProcessing/Ping application/grpc -
info: Microsoft.AspNetCore.Routing.EndpointMiddleware[0]
      Executing endpoint 'gRPC - /UnityILPP.PostProcessing/Ping'
info: Microsoft.AspNetCore.Routing.EndpointMiddleware[1]
      Executed endpoint 'gRPC - /UnityILPP.PostProcessing/Ping'
info: Microsoft.AspNetCore.Hosting.Diagnostics[2]
      Request finished HTTP/2 POST http://ilpp/UnityILPP.PostProcessing/Ping application/grpc - - 200 - application/grpc 111.2947ms
Starting: C:\Program Files\Unity\Hub\Editor\2022.3.20f1\Editor\Data\bee_backend.exe --dont-print-to-structured-log --ipc --defer-dag-verification --dagfile="Library/Bee/1900b0aE.dag" --continue-on-failure --profile="Library/Bee/backend1.traceevents" ScriptAssemblies
WorkingDir: D:/Arrow Game
DisplayProgressbar: Compiling Scripts
ExitCode: 4 Duration: 0s191ms
[121/131    0s] CopyFiles Library/ScriptAssemblies/UnityEditor.UI.pdb
[122/131    0s] CopyFiles Library/ScriptAssemblies/UnityEngine.UI.pdb
[123/131    0s] CopyFiles Library/ScriptAssemblies/Assembly-CSharp.dll
[124/131    0s] CopyFiles Library/ScriptAssemblies/Unity.TextMeshPro.pdb
[125/131    0s] CopyFiles Library/ScriptAssemblies/UnityEngine.UI.dll
[126/131    0s] CopyFiles Library/ScriptAssemblies/UnityEditor.UI.dll
[127/131    0s] CopyFiles Library/ScriptAssemblies/Unity.TextMeshPro.Editor.dll
[128/131    0s] CopyFiles Library/ScriptAssemblies/Unity.TextMeshPro.dll
[129/131    0s] CopyFiles Library/ScriptAssemblies/Assembly-CSharp.pdb
[130/131    0s] CopyFiles Library/ScriptAssemblies/Unity.TextMeshPro.Editor.pdb
Rebuilding DAG because FileSignature timestamp changed: Library/Bee/1900b0aE-inputdata.json
*** Tundra requires additional run (0.13 seconds), 10 items updated, 131 evaluated
Starting: C:\Program Files\Unity\Hub\Editor\2022.3.20f1\Editor\Data\Tools\netcorerun\netcorerun.exe "C:\Program Files\Unity\Hub\Editor\2022.3.20f1\Editor\Data\Tools\BuildPipeline\ScriptCompilationBuildProgram.exe" "Library/Bee/1900b0aE.dag.json" "Library/Bee/1900b0aE-inputdata.json" "Library\Bee\buildprogram0.traceevents"
WorkingDir: D:/Arrow Game
ExitCode: 0 Duration: 3s525ms
Starting: C:\Program Files\Unity\Hub\Editor\2022.3.20f1\Editor\Data\bee_backend.exe --dont-print-to-structured-log --ipc --defer-dag-verification --dagfile="Library/Bee/1900b0aE.dag" --continue-on-failure --dagfilejson="Library\Bee\1900b0aE.dag.json" --profile="Library/Bee/backend2.traceevents" ScriptAssemblies
WorkingDir: D:/Arrow Game
ExitCode: 0 Duration: 0s74ms
Finished compiling graph: 134 nodes, 689 flattened edges (641 ToBuild, 10 ToUse), maximum node priority 70
*** Tundra build success (0.04 seconds), 0 items updated, 131 evaluated
AssetDatabase: script compilation time: 5.368528s
Begin MonoManager ReloadAssembly
Total cache size 5258476
Total cache size after purge 5258476
- Loaded All Assemblies, in  0.282 seconds
Refreshing native plugins compatible for Editor in 0.00 ms, found 0 plugins.
Preloading 0 native plugins for Editor in 0.00 ms.
Refreshing native plugins compatible for Editor in 0.00 ms, found 0 plugins.
Native extension for WindowsStandalone target not found
Mono: successfully reloaded assembly
- Finished resetting the current domain, in  0.395 seconds
Domain Reload Profiling: 676ms
	BeginReloadAssembly (181ms)
		ExecutionOrderSort (0ms)
		DisableScriptedObjects (7ms)
		BackupInstance (0ms)
		ReleaseScriptingObjects (0ms)
		CreateAndSetChildDomain (31ms)
	RebuildCommonClasses (37ms)
	RebuildNativeTypeToScriptingClass (12ms)
	initialDomainReloadingComplete (25ms)
	LoadAllAssembliesAndSetupDomain (26ms)
		LoadAssemblies (107ms)
		RebuildTransferFunctionScriptingTraits (0ms)
		AnalyzeDomain (18ms)
			TypeCache.Refresh (12ms)
				TypeCache.ScanAssembly (7ms)
			ScanForSourceGeneratedMonoScriptInfo (2ms)
			ResolveRequiredComponents (3ms)
	FinalizeReload (395ms)
		ReleaseScriptCaches (0ms)
		RebuildScriptCaches (0ms)
		SetupLoadedEditorAssemblies (240ms)
			LogAssemblyErrors (0ms)
			InitializePlatformSupportModulesInManaged (6ms)
			SetLoadedEditorAssemblies (6ms)
			RefreshPlugins (0ms)
			BeforeProcessingInitializeOnLoad (40ms)
			ProcessInitializeOnLoadAttributes (159ms)
			ProcessInitializeOnLoadMethodAttributes (21ms)
			AfterProcessingInitializeOnLoad (7ms)
			EditorAssembliesLoaded (0ms)
		ExecutionOrderSort2 (0ms)
		AwakeInstancesAfterBackupRestoration (8ms)
Asset Pipeline Refresh (id=394124259f332e945bb937d927a9e9d9): Total: 9.117 seconds - Initiated by InitialRefreshV2(ForceSynchronousImport)
	Summary:
		Imports: total=0 (actual=0, local cache=0, cache server=0)
		Asset DB Process Time: managed=0 ms, native=3028 ms
		Asset DB Callback time: managed=13 ms, native=0 ms
		Scripting: domain reloads=1, domain reload time=696 ms, compile time=5369 ms, other=10 ms
		Project Asset Count: scripts=466, non-scripts=52
		Asset File Changes: new=0, changed=0, moved=0, deleted=0
		Scan Filter Count: 0
	InvokeBeforeRefreshCallbacks: 0.339ms
	ApplyChangesToAssetFolders: 0.023ms
	Scan: 23.969ms
	OnSourceAssetsModified: 0.008ms
	GetAllGuidsForCategorization: 0.240ms
	CategorizeAssets: 4.707ms
	ImportOutOfDateAssets: 398.753ms (-4972.626ms without children)
		CompileScripts: 5368.722ms
		ReloadNativeAssets: 0.000ms
		UnloadImportedAssets: 2.332ms
		EnsureUptoDateAssetsAreRegisteredWithGuidPM: 0.146ms
		InitializingProgressBar: 0.006ms
		PostProcessAllAssetNotificationsAddChangedAssets: 0.000ms
		OnDemandSchedulerStart: 0.171ms
	PostProcessAllAssets: 13.158ms
	GatherAllCurrentPrimaryArtifactRevisions: 0.001ms
	UnloadStreamsBegin: 0.474ms
	PersistCurrentRevisions: 0.021ms
	UnloadStreamsEnd: 0.004ms
	GenerateScriptTypeHashes: 0.000ms
	Untracked: 8675.280ms
Application.AssetDatabase Initial Refresh End
Launched and connected shader compiler UnityShaderCompiler.exe after 0.12 seconds
Scanning for USB devices : 1.420ms
Initializing Unity extensions:
[Licensing::Client] Successfully resolved entitlements
[MODES] ModeService[none].Initialize
[MODES] ModeService[none].LoadModes
[MODES] Loading mode Default (0) for mode-current-id-Arrow Game
ProgressiveSceneManager::Cancel()
Unloading 3 Unused Serialized files (Serialized files now loaded: 0)
Unloading 14 unused Assets / (467.3 KB). Loaded Objects now: 877.
Memory consumption went from 83.4 MB to 83.0 MB.
Total: 3.280000 ms (FindLiveObjects: 0.076500 ms CreateObjectMapping: 0.014500 ms MarkObjects: 2.945000 ms  DeleteObjects: 0.243300 ms)

Batchmode quit successfully invoked - shutting down!
Curl error 42: Callback aborted
[Licensing::IpcConnector] License Notification channel disconnected successfully.
[Licensing::IpcConnector] License Client channel disconnected successfully.
Cleanup mono
abort_threads: Failed aborting id: 00000000000009C8, mono_thread_manage will ignore it

abort_threads: Failed aborting id: 0000000000002DA0, mono_thread_manage will ignore it

abort_threads: Failed aborting id: 00000000000009C8, mono_thread_manage will ignore it

abort_threads: Failed aborting id: 0000000000002DA0, mono_thread_manage will ignore it

debugger-agent: Unable to listen on 4776
[Performance] WinEditorMain                                                                                                  :        1 samples, Peak.  7.42 s (1.0x), Avg.  7.42 s, Total. 7.417 s (20.4%)
[Performance] WinEditorMain.ConfigureCrashHandler                                                                            :        1 samples, Peak.  30.1 us (1.0x), Avg.  30.1 us, Total. 30.10 us (0.0%)
[Performance] WinEditorMain.CurlRequestInitialize                                                                            :        1 samples, Peak.  1.82 ms (1.0x), Avg.  1.82 ms, Total. 1.817 ms (0.0%)
[Performance] WinEditorMain.SetupLogFile                                                                                     :        1 samples, Peak.  13.9 ms (1.0x), Avg.  13.9 ms, Total. 13.88 ms (0.0%)
[Performance] WinEditorMain.RunNativeTestsIfRequiredAndExit                                                                  :        1 samples, Peak.   300 ns (1.0x), Avg.   300 ns, Total. 300.0 ns (0.0%)
[Performance] WinEditorMain.Licensing                                                                                        :        1 samples, Peak.  7.37 s (1.0x), Avg.  7.37 s, Total. 7.375 s (20.3%)
[Performance] WinEditorMain.InitializeCrashHandler                                                                           :        1 samples, Peak.  19.5 ms (1.0x), Avg.  19.5 ms, Total. 19.54 ms (0.1%)
[Performance] WinEditorMain.CreateApplication                                                                                :        1 samples, Peak.   406 us (1.0x), Avg.   406 us, Total. 405.5 us (0.0%)
[Performance] Application.InitializeProject                                                                                  :        1 samples, Peak.  28.3 s (1.0x), Avg.  28.3 s, Total. 28.27 s (77.9%)
[Performance] Application.PackageManager.StartServer                                                                         :        1 samples, Peak.  18.5 ms (1.0x), Avg.  18.5 ms, Total. 18.54 ms (0.1%)
[Performance] Application.AcquireProjectLock                                                                                 :        1 samples, Peak.  4.28 ms (1.0x), Avg.  4.28 ms, Total. 4.278 ms (0.0%)
[Performance] Application.InitializeEngineNoGraphics                                                                         :        1 samples, Peak.   162 ms (1.0x), Avg.   162 ms, Total. 161.5 ms (0.4%)
[Performance] Application.PackageManager.Initialize                                                                          :        1 samples, Peak.  1.03 s (1.0x), Avg.  1.03 s, Total. 1.031 s (2.8%)
[Performance] Connecting to Package Manager                                                                                  :      104 samples, Peak.  72.0 us (32.0x), Avg.  2.25 us, Total. 234.1 us (0.0%)
[Performance] Application.EngineGraphics.Initialize                                                                          :        1 samples, Peak.   216 ms (1.0x), Avg.   216 ms, Total. 215.8 ms (0.6%)
[Performance] Application.GI.Initialize                                                                                      :        1 samples, Peak.  10.5 ms (1.0x), Avg.  10.5 ms, Total. 10.47 ms (0.0%)
[Performance] Application.LoadAllDefaultResourcesFromEditor                                                                  :        1 samples, Peak.  2.80 ms (1.0x), Avg.  2.80 ms, Total. 2.800 ms (0.0%)
[Performance] Application.LoadMonoAssemblies                                                                                 :        1 samples, Peak.  14.4 s (1.0x), Avg.  14.4 s, Total. 14.38 s (39.6%)
[Performance] RestoreManagedReferences                                                                                       :        2 samples, Peak.  56.8 ms (2.0x), Avg.  28.4 ms, Total. 56.77 ms (0.2%)
[Performance] InitializeOnLoad CacheServerWindow                                                                             :        2 samples, Peak.   253 us (1.1x), Avg.   229 us, Total. 457.1 us (0.0%)
[Performance] InitializeOnLoad ProjectSearch                                                                                 :        2 samples, Peak.   152 us (1.0x), Avg.   149 us, Total. 298.1 us (0.0%)
[Performance] InitializeOnLoad SettingsService                                                                               :        2 samples, Peak.  20.2 us (1.4x), Avg.  14.3 us, Total. 28.60 us (0.0%)
[Performance] InitializeOnLoad CloudBuild                                                                                    :        2 samples, Peak.  3.80 us (1.1x), Avg.  3.40 us, Total. 6.800 us (0.0%)
[Performance] InitializeOnLoad MixerEffectDefinitionReloader                                                                 :        2 samples, Peak.  4.03 ms (1.1x), Avg.  3.70 ms, Total. 7.404 ms (0.0%)
[Performance] InitializeOnLoad EditMode                                                                                      :        2 samples, Peak.   697 us (1.1x), Avg.   659 us, Total. 1.318 ms (0.0%)
[Performance] InitializeOnLoad UISystemProfilerRenderService                                                                 :        2 samples, Peak.  11.9 us (1.0x), Avg.  11.6 us, Total. 23.20 us (0.0%)
[Performance] InitializeOnLoad SceneSearch                                                                                   :        2 samples, Peak.   485 us (1.8x), Avg.   276 us, Total. 551.6 us (0.0%)
[Performance] InitializeOnLoad AddComponentWindow                                                                            :        2 samples, Peak.   141 us (1.1x), Avg.   131 us, Total. 261.8 us (0.0%)
[Performance] InitializeOnLoad NativeFormatImporterUtility                                                                   :        2 samples, Peak.  3.78 ms (1.3x), Avg.  2.91 ms, Total. 5.824 ms (0.0%)
[Performance] InitializeOnLoad DrivenRectTransformUndo                                                                       :        2 samples, Peak.   331 us (1.2x), Avg.   284 us, Total. 567.4 us (0.0%)
[Performance] InitializeOnLoad PrefabInstanceChangedListener                                                                 :        2 samples, Peak.   227 us (1.1x), Avg.   199 us, Total. 398.9 us (0.0%)
[Performance] InitializeOnLoad UnityConnect                                                                                  :        2 samples, Peak.  78.4 us (1.1x), Avg.  72.9 us, Total. 145.7 us (0.0%)
[Performance] InitializeOnLoad SearchService                                                                                 :        2 samples, Peak.   303 us (1.4x), Avg.   218 us, Total. 436.1 us (0.0%)
[Performance] InitializeOnLoad ObjectSelectorSearch                                                                          :        2 samples, Peak.   140 us (1.4x), Avg.  96.5 us, Total. 193.0 us (0.0%)
[Performance] InitializeOnLoad MenuItems                                                                                     :        2 samples, Peak.   828 us (1.2x), Avg.   684 us, Total. 1.368 ms (0.0%)
[Performance] InitializeOnLoad ManagedDebuggerWindow                                                                         :        2 samples, Peak.  1.03 ms (1.1x), Avg.   940 us, Total. 1.880 ms (0.0%)
[Performance] InitializeOnLoad WindowLayout                                                                                  :        2 samples, Peak.  50.5 us (1.1x), Avg.  47.5 us, Total. 94.90 us (0.0%)
[Performance] InitializeOnLoad AssetStoreContext                                                                             :        2 samples, Peak.  41.2 ms (1.2x), Avg.  34.7 ms, Total. 69.32 ms (0.2%)
[Performance] InitializeOnLoad ShortcutIntegration                                                                           :        2 samples, Peak.   102 us (1.0x), Avg.  98.8 us, Total. 197.6 us (0.0%)
[Performance] InitializeOnLoad PlayModeDownload                                                                              :        2 samples, Peak.  5.64 ms (1.9x), Avg.  3.02 ms, Total. 6.042 ms (0.0%)
[Performance] InitializeOnLoad ManagedDebugger                                                                               :        2 samples, Peak.  2.20 us (1.5x), Avg.  1.45 us, Total. 2.900 us (0.0%)
[Performance] InitializeOnLoad EditorMonitor                                                                                 :        2 samples, Peak.   830 us (1.2x), Avg.   699 us, Total. 1.399 ms (0.0%)
[Performance] InitializeOnLoad RetainedMode                                                                                  :        2 samples, Peak.  2.49 ms (1.0x), Avg.  2.45 ms, Total. 4.904 ms (0.0%)
[Performance] InitializeOnLoad EditorShaderLoader                                                                            :        2 samples, Peak.   823 us (1.1x), Avg.   764 us, Total. 1.527 ms (0.0%)
[Performance] InitializeOnLoad EditorDelegateRegistration                                                                    :        2 samples, Peak.   605 us (1.1x), Avg.   575 us, Total. 1.150 ms (0.0%)
[Performance] InitializeOnLoad LiveReloadTrackerCreator                                                                      :        2 samples, Peak.   333 us (1.3x), Avg.   250 us, Total. 500.1 us (0.0%)
[Performance] InitializeOnLoad UxmlObjectEditorFactories                                                                     :        2 samples, Peak.   561 us (1.0x), Avg.   546 us, Total. 1.091 ms (0.0%)
[Performance] InitializeOnLoad UIDocumentHierarchyWatcher                                                                    :        2 samples, Peak.   121 us (1.1x), Avg.   115 us, Total. 230.8 us (0.0%)
[Performance] InitializeOnLoad UXMLEditorFactories                                                                           :        2 samples, Peak.  73.2 ms (1.0x), Avg.  72.3 ms, Total. 144.5 ms (0.4%)
[Performance] InitializeOnLoad BuildService                                                                                  :        2 samples, Peak.  3.73 ms (1.1x), Avg.  3.50 ms, Total. 6.995 ms (0.0%)
[Performance] InitializeOnLoad AdsService                                                                                    :        2 samples, Peak.  1.16 ms (1.1x), Avg.  1.03 ms, Total. 2.054 ms (0.0%)
[Performance] InitializeOnLoad UDPService                                                                                    :        2 samples, Peak.  1.97 ms (1.4x), Avg.  1.37 ms, Total. 2.749 ms (0.0%)
[Performance] InitializeOnLoad EditorGameServicesAnalytics                                                                   :        2 samples, Peak.  7.00 ms (1.7x), Avg.  4.15 ms, Total. 8.299 ms (0.0%)
[Performance] InitializeOnLoad ServicesRepository                                                                            :        2 samples, Peak.  1.60 us (1.5x), Avg.  1.10 us, Total. 2.200 us (0.0%)
[Performance] InitializeOnLoad CrashService                                                                                  :        2 samples, Peak.   759 us (1.1x), Avg.   717 us, Total. 1.433 ms (0.0%)
[Performance] InitializeOnLoad PurchasingService                                                                             :        2 samples, Peak.  11.1 ms (1.2x), Avg.  9.32 ms, Total. 18.65 ms (0.1%)
[Performance] InitializeOnLoad AnalyticsService                                                                              :        2 samples, Peak.  1.75 ms (1.3x), Avg.  1.30 ms, Total. 2.609 ms (0.0%)
[Performance] InitializeOnLoad CloudBuildPoller                                                                              :        2 samples, Peak.   288 us (1.2x), Avg.   244 us, Total. 488.5 us (0.0%)
[Performance] InitializeOnLoad SearchWindow                                                                                  :        2 samples, Peak.   244 us (1.1x), Avg.   231 us, Total. 461.2 us (0.0%)
[Performance] InitializeOnLoad CustomIndexers                                                                                :        2 samples, Peak.  23.5 ms (1.1x), Avg.  21.9 ms, Total. 43.75 ms (0.1%)
[Performance] InitializeOnLoad SearchMonitor                                                                                 :        2 samples, Peak.  1.32 ms (1.1x), Avg.  1.17 ms, Total. 2.340 ms (0.0%)
[Performance] InitializeOnLoad ParameterControllerEditor                                                                     :        2 samples, Peak.  20.7 us (1.1x), Avg.  19.4 us, Total. 38.90 us (0.0%)
[Performance] InitializeOnLoad LayerSettingsWindow                                                                           :        2 samples, Peak.  25.5 us (1.7x), Avg.  15.2 us, Total. 30.50 us (0.0%)
[Performance] InitializeOnLoad PackageManagerHookGUIDConverter.RegisterPackagesEventHandler                                  :        2 samples, Peak.   985 us (1.1x), Avg.   928 us, Total. 1.856 ms (0.0%)
[Performance] InitializeOnLoad EditorDragAndDrop.RegisterEditorClient                                                        :        2 samples, Peak.   306 us (1.2x), Avg.   260 us, Total. 519.8 us (0.0%)
[Performance] InitializeOnLoad EditorEventCallbacks.InitializeFontAssetResourceChangeCallBacks                               :        2 samples, Peak.  1.48 ms (1.0x), Avg.  1.47 ms, Total. 2.932 ms (0.0%)
[Performance] InitializeOnLoad SceneTemplateService.Init                                                                     :        2 samples, Peak.  1.63 ms (1.0x), Avg.  1.56 ms, Total. 3.115 ms (0.0%)
[Performance] InitializeOnLoad DiagnosticSwitchesConsoleMessage.Init                                                         :        2 samples, Peak.  8.24 ms (1.7x), Avg.  4.77 ms, Total. 9.547 ms (0.0%)
[Performance] InitializeOnLoad RectSelection.RegisterShortcutContext                                                         :        2 samples, Peak.   256 us (1.0x), Avg.   252 us, Total. 503.4 us (0.0%)
[Performance] InitializeOnLoad SceneViewMotion.RegisterShortcutContexts                                                      :        2 samples, Peak.   163 us (1.0x), Avg.   162 us, Total. 323.2 us (0.0%)
[Performance] InitializeOnLoad ToolShortcutContext.Init                                                                      :        2 samples, Peak.   152 us (1.0x), Avg.   151 us, Total. 301.5 us (0.0%)
[Performance] InitializeOnLoad SceneVisibilityManager.Initialize                                                             :        2 samples, Peak.  6.46 ms (1.7x), Avg.  3.74 ms, Total. 7.472 ms (0.0%)
[Performance] InitializeOnLoad ScopedRegistryAddedPopup.SubscribeToRegistriesAdded                                           :        2 samples, Peak.  43.2 ms (1.7x), Avg.  26.0 ms, Total. 52.07 ms (0.1%)
[Performance] InitializeOnLoad PackageManagerWindow.EditorInitializedInSafeMode                                              :        2 samples, Peak.   319 us (1.3x), Avg.   239 us, Total. 478.7 us (0.0%)
[Performance] InitializeOnLoad SysrootManager.Initialize                                                                     :        2 samples, Peak.   616 us (1.0x), Avg.   614 us, Total. 1.228 ms (0.0%)
[Performance] InitializeOnLoad EditorWindow.Initialize                                                                       :        2 samples, Peak.   258 us (1.0x), Avg.   255 us, Total. 510.5 us (0.0%)
[Performance] InitializeOnLoad MemoryProfilerCompilationGuard.InjectCompileGuard                                             :        2 samples, Peak.   180 us (1.0x), Avg.   176 us, Total. 351.7 us (0.0%)
[Performance] InitializeOnLoad AssetPostprocessingInternal.RefreshCustomDependencies                                         :        2 samples, Peak.  3.43 ms (1.1x), Avg.  3.20 ms, Total. 6.405 ms (0.0%)
[Performance] AssemblyReloadEvents.afterAssemblyReload: UnityEditor.SceneTemplate.SceneTemplateService.AfterAssemblyReload   :        2 samples, Peak.  5.79 ms (1.9x), Avg.  3.13 ms, Total. 6.263 ms (0.0%)
[Performance] ProcessService.EditorAfterLoadAllAssemblies                                                                    :        2 samples, Peak.   407 us (1.1x), Avg.   372 us, Total. 744.3 us (0.0%)
[Performance] Application.ReadLicenseInfo                                                                                    :        1 samples, Peak.  16.5 ms (1.0x), Avg.  16.5 ms, Total. 16.52 ms (0.0%)
[Performance] Application.InitialRefresh                                                                                     :        1 samples, Peak.  9.12 s (1.0x), Avg.  9.12 s, Total. 9.118 s (25.1%)
[Performance] Compiling Scripts                                                                                              :        1 samples, Peak.  5.37 s (1.0x), Avg.  5.37 s, Total. 5.369 s (14.8%)
[Performance] AssemblyReloadEvents.beforeAssemblyReload: UnityEditor.SceneTemplate.SceneTemplateService.BeforeAssemblyReload :        1 samples, Peak.   583 us (1.0x), Avg.   583 us, Total. 583.2 us (0.0%)
[Performance] InitializeOnLoad PrefabLayoutRebuilder                                                                         :        1 samples, Peak.   274 us (1.0x), Avg.   274 us, Total. 273.7 us (0.0%)
[Performance] DidReloadScriptsAdvancedDropdownWindow.OnScriptReload                                                          :        1 samples, Peak.   319 us (1.0x), Avg.   319 us, Total. 318.9 us (0.0%)
[Performance] SyncVS.PostprocessSyncProject                                                                                  :        1 samples, Peak.  1.65 ms (1.0x), Avg.  1.65 ms, Total. 1.649 ms (0.0%)
[Performance] Application.ImportPackagesAndSetTemplateWhenCreatingProject                                                    :        1 samples, Peak.  23.2 ms (1.0x), Avg.  23.2 ms, Total. 23.22 ms (0.1%)
[Performance] Application.SyncCurrentColorSpace                                                                              :        1 samples, Peak.   924 ms (1.0x), Avg.   924 ms, Total. 924.2 ms (2.5%)
[Performance] Application.OnUsbDevicesChanged                                                                                :        1 samples, Peak.  1.47 ms (1.0x), Avg.  1.47 ms, Total. 1.470 ms (0.0%)
[Performance] Application.AssetInstanceCacheUpdate                                                                           :        1 samples, Peak.   300 ns (1.0x), Avg.   300 ns, Total. 300.0 ns (0.0%)
[Performance] Application.UnityExtensions.Initialize                                                                         :        1 samples, Peak.   683 us (1.0x), Avg.   683 us, Total. 683.3 us (0.0%)
[Performance] CodeEditorProjectSync.SyncEditorProject                                                                        :        1 samples, Peak.   111 us (1.0x), Avg.   111 us, Total. 110.9 us (0.0%)
[Performance] Application.ExecuteStartups                                                                                    :        1 samples, Peak.   128 ms (1.0x), Avg.   128 ms, Total. 127.6 ms (0.4%)
[Performance] Menu.RegisterMenuInterface                                                                                     :       26 samples, Peak.   900 ns (4.5x), Avg.   200 ns, Total. 5.200 us (0.0%)
[Performance] Gizmo.RebuildRenderers                                                                                         :        1 samples, Peak.   127 ms (1.0x), Avg.   127 ms, Total. 127.0 ms (0.4%)
[Performance] Gizmo.AddGizmoRenderers                                                                                        :       23 samples, Peak.  2.18 ms (15.9x), Avg.   137 us, Total. 3.156 ms (0.0%)
[Performance] Application.editorInitializingProject                                                                          :        1 samples, Peak.   101 ms (1.0x), Avg.   101 ms, Total. 100.6 ms (0.3%)
[Performance] Application.InitializeMenu                                                                                     :        1 samples, Peak.   146 ms (1.0x), Avg.   146 ms, Total. 146.3 ms (0.4%)
[Performance] Menu.RebuildAll                                                                                                :        1 samples, Peak.   146 ms (1.0x), Avg.   146 ms, Total. 146.3 ms (0.4%)
[Performance] Menu.BuildRegisteredMenuInterfaces                                                                             :        1 samples, Peak.   144 ms (1.0x), Avg.   144 ms, Total. 143.8 ms (0.4%)
[Performance] Menu.FilterMenuItem                                                                                            :      508 samples, Peak.  40.9 ms (505.0x), Avg.  81.0 us, Total. 41.13 ms (0.1%)
[Performance] UpdateAllMenus                                                                                                 :        1 samples, Peak.   661 us (1.0x), Avg.   661 us, Total. 660.9 us (0.0%)
[Performance] Menu.RebuildOSMainMenu                                                                                         :        1 samples, Peak.  1.56 ms (1.0x), Avg.  1.56 ms, Total. 1.563 ms (0.0%)
[Performance] EditorSceneManager.sceneClosing: UnityEditor.SceneVisibilityManager.EditorSceneManagerOnSceneClosing           :        1 samples, Peak.   313 us (1.0x), Avg.   313 us, Total. 312.7 us (0.0%)
[Performance] GUIView.RepaintAll.PlayerLoopController                                                                        :        1 samples, Peak.  1.30 us (1.0x), Avg.  1.30 us, Total. 1.300 us (0.0%)
[Performance] EditorSceneManager.newSceneCreated: UnityEditor.SceneTemplate.SceneTemplateService.OnNewSceneCreated           :        1 samples, Peak.   282 us (1.0x), Avg.   282 us, Total. 282.1 us (0.0%)
[Performance] EditorSceneManager.newSceneCreated: UnityEditor.SceneVisibilityManager.EditorSceneManagerOnNewSceneCreated     :        1 samples, Peak.   329 us (1.0x), Avg.   329 us, Total. 328.5 us (0.0%)
[Performance] EditorSceneManager.newSceneCreated: UnityEditor.SceneManagement.StageNavigationManager.OnNewSceneCreated       :        1 samples, Peak.   101 us (1.0x), Avg.   101 us, Total. 101.5 us (0.0%)
[Performance] Application.InvokeFinishedLoadingProject                                                                       :        1 samples, Peak.  1.03 ms (1.0x), Avg.  1.03 ms, Total. 1.028 ms (0.0%)
[Performance] ProcessService.OnProjectLoaded                                                                                 :        1 samples, Peak.  62.8 us (1.0x), Avg.  62.8 us, Total. 62.80 us (0.0%)
[Performance] VersionControl.Task.Wait                                                                                       :        1 samples, Peak.  39.1 us (1.0x), Avg.  39.1 us, Total. 39.10 us (0.0%)
[Performance] EditorApplication.quitting: callback in UnityEditor.TextCore.Text.EditorEventCallbacks                         :        1 samples, Peak.  5.52 ms (1.0x), Avg.  5.52 ms, Total. 5.525 ms (0.0%)
[Performance] Application.Shutdown.PauseProfilerSession                                                                      :        1 samples, Peak.  95.5 us (1.0x), Avg.  95.5 us, Total. 95.50 us (0.0%)
[Performance] Application.Shutdown.PauseAssetImportWorkers                                                                   :        1 samples, Peak.   259 us (1.0x), Avg.   259 us, Total. 259.1 us (0.0%)
[Performance] Application.Shutdown.SaveAssets                                                                                :        1 samples, Peak.  14.4 ms (1.0x), Avg.  14.4 ms, Total. 14.44 ms (0.0%)
[Performance] BuilderAssetModificationProcessor.OnWillSaveAssets                                                             :        1 samples, Peak.  1.28 ms (1.0x), Avg.  1.28 ms, Total. 1.280 ms (0.0%)
[Performance] TerrainModificationProcessor.OnWillSaveAssets                                                                  :        1 samples, Peak.   990 us (1.0x), Avg.   990 us, Total. 989.5 us (0.0%)
[Performance] AssetDatabase.ImportAssets                                                                                     :        2 samples, Peak.  2.40 us (1.9x), Avg.  1.25 us, Total. 2.500 us (0.0%)
[Performance] Application.Shutdown.CleanupRenderPipeline                                                                     :        1 samples, Peak.  20.6 us (1.0x), Avg.  20.6 us, Total. 20.60 us (0.0%)
[Performance] Application.Shutdown.StopPreloadManager                                                                        :        1 samples, Peak.  10.1 ms (1.0x), Avg.  10.1 ms, Total. 10.15 ms (0.0%)
[Performance] Application.Shutdown.DestroyWorld                                                                              :        1 samples, Peak.   477 us (1.0x), Avg.   477 us, Total. 476.8 us (0.0%)
[Performance] Application.Shutdown.CleanupAfterLoad                                                                          :        1 samples, Peak.  5.12 ms (1.0x), Avg.  5.12 ms, Total. 5.116 ms (0.0%)
[Performance] Application.Shutdown.Progress                                                                                  :        1 samples, Peak.  13.6 us (1.0x), Avg.  13.6 us, Total. 13.60 us (0.0%)
[Performance] Application.Shutdown.GICleanupManagers                                                                         :        1 samples, Peak.  1.05 ms (1.0x), Avg.  1.05 ms, Total. 1.051 ms (0.0%)
[Performance] Application.Shutdown.MenuCleanupClass                                                                          :        1 samples, Peak.   259 us (1.0x), Avg.   259 us, Total. 258.8 us (0.0%)
[Performance] Application.Shutdown.ADBSaveStateBeforeShutdown                                                                :        1 samples, Peak.  9.60 us (1.0x), Avg.  9.60 us, Total. 9.600 us (0.0%)
[Performance] Application.Shutdown.RemoteShutdown                                                                            :        1 samples, Peak.   900 ns (1.0x), Avg.   900 ns, Total. 900.0 ns (0.0%)
[Performance] Application.Shutdown.CleanupVCProvider                                                                         :        1 samples, Peak.  30.1 us (1.0x), Avg.  30.1 us, Total. 30.10 us (0.0%)
[Performance] Application.Shutdown.InputShutdown                                                                             :        1 samples, Peak.  7.90 us (1.0x), Avg.  7.90 us, Total. 7.900 us (0.0%)
[Performance] Application.Shutdown.GizmoManagerDestroy                                                                       :        1 samples, Peak.  1.52 ms (1.0x), Avg.  1.52 ms, Total. 1.520 ms (0.0%)
[Performance] Application.Shutdown.ProfilerSession                                                                           :        1 samples, Peak.   290 us (1.0x), Avg.   290 us, Total. 290.1 us (0.0%)
[Performance] Application.Shutdown.ReleaseGfxWindowOnAllGUIViews                                                             :        1 samples, Peak.   800 ns (1.0x), Avg.   800 ns, Total. 800.0 ns (0.0%)
[Performance] Application.Shutdown.CleanupEngine                                                                             :        1 samples, Peak.   255 ms (1.0x), Avg.   255 ms, Total. 255.1 ms (0.7%)
[Performance] Application.Shutdown.CleanupAssetDatabase                                                                      :        1 samples, Peak.  5.10 ms (1.0x), Avg.  5.10 ms, Total. 5.102 ms (0.0%)
[Performance] Application.Shutdown.ScriptCompilationCleanUp                                                                  :        1 samples, Peak.  12.3 ms (1.0x), Avg.  12.3 ms, Total. 12.31 ms (0.0%)
[Performance] Application.Shutdown.DestroyJobSystem                                                                          :        1 samples, Peak.   270 us (1.0x), Avg.   270 us, Total. 270.1 us (0.0%)
[Performance] Application.Shutdown.CleanupPersistentManager                                                                  :        1 samples, Peak.   341 us (1.0x), Avg.   341 us, Total. 341.0 us (0.0%)
[Performance] Application.Shutdown.CleanupAsyncReadManager                                                                   :        1 samples, Peak.   355 us (1.0x), Avg.   355 us, Total. 355.4 us (0.0%)
[Performance] Application.Shutdown.CleanupProgressBar                                                                        :        1 samples, Peak.   300 ns (1.0x), Avg.   300 ns, Total. 300.0 ns (0.0%)
[Performance] Application.Shutdown.CleanupMono                                                                               :        1 samples, Peak.  53.0 ms (1.0x), Avg.  53.0 ms, Total. 53.04 ms (0.1%)
[Performance] Application.Shutdown.CleanupStdConverters                                                                      :        1 samples, Peak.  9.90 us (1.0x), Avg.  9.90 us, Total. 9.900 us (0.0%)
[Performance] Application.Shutdown.UnloadAllPlatformSupportModuleNativeDlls                                                  :        1 samples, Peak.   500 ns (1.0x), Avg.   500 ns, Total. 500.0 ns (0.0%)
[Performance] Application.Shutdown.UnloadAllPlatformSupportNativeLibraries                                                   :        1 samples, Peak.   100 ns (1.0x), Avg.   100 ns, Total. 100.0 ns (0.0%)
[Performance] Application.Shutdown.CleanupAutoDocumentation                                                                  :        1 samples, Peak.   480 us (1.0x), Avg.   480 us, Total. 479.6 us (0.0%)
[Performance] Application.Shutdown.ShaderNameManagerDestroy                                                                  :        1 samples, Peak.  72.8 us (1.0x), Avg.  72.8 us, Total. 72.80 us (0.0%)
[Performance] Application.Shutdown.CleanupCacheServer                                                                        :        1 samples, Peak.   200 ns (1.0x), Avg.   200 ns, Total. 200.0 ns (0.0%)
[Performance] Application.Shutdown.Virtualization_Shutdown                                                                   :        1 samples, Peak.   500 ns (1.0x), Avg.   500 ns, Total. 500.0 ns (0.0%)
[Performance] Application.Shutdown.DevConnections                                                                            :        1 samples, Peak.   193 us (1.0x), Avg.   193 us, Total. 193.0 us (0.0%)
Exiting batchmode successfully now!
Exiting without the bug reporter. Application will terminate with return code 0